MPLINK 4.35, Linker
Linker Map File - Created Mon Apr 17 18:14:38 2017

                                 Section Info
                  Section       Type    Address   Location Size(Bytes)
                ---------  ---------  ---------  ---------  ---------
                   .org_0       code   0x000000    program   0x000000
                   .org_1       code   0x000000    program   0x000002
                   .org_2       code   0x000004    program   0x000214



                              Program Memory Usage 
                               Start         End      
                           ---------   ---------      
                            0x000000    0x000000      
                            0x000004    0x00010d      
            267 out of 1093 program addresses used, program memory utilization is 24%



                              Symbols - Sorted by Name
                     Name    Address   Location    Storage File                     
                ---------  ---------  ---------  --------- ---------                
             CLEARDISPLAY   0x000070    program     static C:\Users\Rami\Desktop\MazeSolver\program.asm
                       ET   0x000058    program     static C:\Users\Rami\Desktop\MazeSolver\program.asm
         INCREMENTPOINTER   0x0000dd    program     static C:\Users\Rami\Desktop\MazeSolver\program.asm
                     LOOP   0x000062    program     static C:\Users\Rami\Desktop\MazeSolver\program.asm
                    LOOP1   0x00006b    program     static C:\Users\Rami\Desktop\MazeSolver\program.asm
                     MENU   0x000031    program     static C:\Users\Rami\Desktop\MazeSolver\program.asm
                 MENULOOP   0x000057    program     static C:\Users\Rami\Desktop\MazeSolver\program.asm
                POSITION1   0x0000e8    program     static C:\Users\Rami\Desktop\MazeSolver\program.asm
                POSITION2   0x0000f4    program     static C:\Users\Rami\Desktop\MazeSolver\program.asm
                POSITION3   0x000101    program     static C:\Users\Rami\Desktop\MazeSolver\program.asm
             POWERUPDELAY   0x00005e    program     static C:\Users\Rami\Desktop\MazeSolver\program.asm
               PRINTDELAY   0x000067    program     static C:\Users\Rami\Desktop\MazeSolver\program.asm
                RETTIMER3   0x0000db    program     static C:\Users\Rami\Desktop\MazeSolver\program.asm
               S00CHECKS1   0x0000e1    program     static C:\Users\Rami\Desktop\MazeSolver\program.asm
               S01CHECKS1   0x0000e5    program     static C:\Users\Rami\Desktop\MazeSolver\program.asm
                    START   0x000006    program     static C:\Users\Rami\Desktop\MazeSolver\program.asm
                  WELCOME   0x000021    program     static C:\Users\Rami\Desktop\MazeSolver\program.asm
                   charSp   0x000075    program     static C:\Users\Rami\Desktop\MazeSolver\program.asm
                 charStar   0x0000c5    program     static C:\Users\Rami\Desktop\MazeSolver\program.asm
                    empty   0x0000cf    program     static C:\Users\Rami\Desktop\MazeSolver\program.asm
                  letterA   0x000098    program     static C:\Users\Rami\Desktop\MazeSolver\program.asm
                  letterB   0x0000b1    program     static C:\Users\Rami\Desktop\MazeSolver\program.asm
                  letterC   0x0000bb    program     static C:\Users\Rami\Desktop\MazeSolver\program.asm
                  letterD   0x000089    program     static C:\Users\Rami\Desktop\MazeSolver\program.asm
                  letterE   0x00008e    program     static C:\Users\Rami\Desktop\MazeSolver\program.asm
                  letterF   0x000093    program     static C:\Users\Rami\Desktop\MazeSolver\program.asm
                  letterL   0x0000a2    program     static C:\Users\Rami\Desktop\MazeSolver\program.asm
                  letterM   0x000084    program     static C:\Users\Rami\Desktop\MazeSolver\program.asm
                  letterO   0x0000ac    program     static C:\Users\Rami\Desktop\MazeSolver\program.asm
                  letterR   0x00007f    program     static C:\Users\Rami\Desktop\MazeSolver\program.asm
                  letterS   0x0000b6    program     static C:\Users\Rami\Desktop\MazeSolver\program.asm
                  letterT   0x0000a7    program     static C:\Users\Rami\Desktop\MazeSolver\program.asm
                  letterU   0x00009d    program     static C:\Users\Rami\Desktop\MazeSolver\program.asm
                  letterV   0x00007a    program     static C:\Users\Rami\Desktop\MazeSolver\program.asm
                  letterZ   0x0000c0    program     static C:\Users\Rami\Desktop\MazeSolver\program.asm
                rectangle   0x0000ca    program     static C:\Users\Rami\Desktop\MazeSolver\program.asm
           timerInterrupt   0x0000d4    program     static C:\Users\Rami\Desktop\MazeSolver\program.asm



                              Symbols - Sorted by Address
                     Name    Address   Location    Storage File                     
                ---------  ---------  ---------  --------- ---------                
                    START   0x000006    program     static C:\Users\Rami\Desktop\MazeSolver\program.asm
                  WELCOME   0x000021    program     static C:\Users\Rami\Desktop\MazeSolver\program.asm
                     MENU   0x000031    program     static C:\Users\Rami\Desktop\MazeSolver\program.asm
                 MENULOOP   0x000057    program     static C:\Users\Rami\Desktop\MazeSolver\program.asm
                       ET   0x000058    program     static C:\Users\Rami\Desktop\MazeSolver\program.asm
             POWERUPDELAY   0x00005e    program     static C:\Users\Rami\Desktop\MazeSolver\program.asm
                     LOOP   0x000062    program     static C:\Users\Rami\Desktop\MazeSolver\program.asm
               PRINTDELAY   0x000067    program     static C:\Users\Rami\Desktop\MazeSolver\program.asm
                    LOOP1   0x00006b    program     static C:\Users\Rami\Desktop\MazeSolver\program.asm
             CLEARDISPLAY   0x000070    program     static C:\Users\Rami\Desktop\MazeSolver\program.asm
                   charSp   0x000075    program     static C:\Users\Rami\Desktop\MazeSolver\program.asm
                  letterV   0x00007a    program     static C:\Users\Rami\Desktop\MazeSolver\program.asm
                  letterR   0x00007f    program     static C:\Users\Rami\Desktop\MazeSolver\program.asm
                  letterM   0x000084    program     static C:\Users\Rami\Desktop\MazeSolver\program.asm
                  letterD   0x000089    program     static C:\Users\Rami\Desktop\MazeSolver\program.asm
                  letterE   0x00008e    program     static C:\Users\Rami\Desktop\MazeSolver\program.asm
                  letterF   0x000093    program     static C:\Users\Rami\Desktop\MazeSolver\program.asm
                  letterA   0x000098    program     static C:\Users\Rami\Desktop\MazeSolver\program.asm
                  letterU   0x00009d    program     static C:\Users\Rami\Desktop\MazeSolver\program.asm
                  letterL   0x0000a2    program     static C:\Users\Rami\Desktop\MazeSolver\program.asm
                  letterT   0x0000a7    program     static C:\Users\Rami\Desktop\MazeSolver\program.asm
                  letterO   0x0000ac    program     static C:\Users\Rami\Desktop\MazeSolver\program.asm
                  letterB   0x0000b1    program     static C:\Users\Rami\Desktop\MazeSolver\program.asm
                  letterS   0x0000b6    program     static C:\Users\Rami\Desktop\MazeSolver\program.asm
                  letterC   0x0000bb    program     static C:\Users\Rami\Desktop\MazeSolver\program.asm
                  letterZ   0x0000c0    program     static C:\Users\Rami\Desktop\MazeSolver\program.asm
                 charStar   0x0000c5    program     static C:\Users\Rami\Desktop\MazeSolver\program.asm
                rectangle   0x0000ca    program     static C:\Users\Rami\Desktop\MazeSolver\program.asm
                    empty   0x0000cf    program     static C:\Users\Rami\Desktop\MazeSolver\program.asm
           timerInterrupt   0x0000d4    program     static C:\Users\Rami\Desktop\MazeSolver\program.asm
                RETTIMER3   0x0000db    program     static C:\Users\Rami\Desktop\MazeSolver\program.asm
         INCREMENTPOINTER   0x0000dd    program     static C:\Users\Rami\Desktop\MazeSolver\program.asm
               S00CHECKS1   0x0000e1    program     static C:\Users\Rami\Desktop\MazeSolver\program.asm
               S01CHECKS1   0x0000e5    program     static C:\Users\Rami\Desktop\MazeSolver\program.asm
                POSITION1   0x0000e8    program     static C:\Users\Rami\Desktop\MazeSolver\program.asm
                POSITION2   0x0000f4    program     static C:\Users\Rami\Desktop\MazeSolver\program.asm
                POSITION3   0x000101    program     static C:\Users\Rami\Desktop\MazeSolver\program.asm


